分类: 📺央视频道, 名称: CCTV-1, 有效: 5, IPv4: 18, IPv6: 0, 最小延迟: 279 ms, 最高速率: 2.35 M/s, 平均速率: 2.26 M/s, 最高分辨率: 1920x1080, 平均帧率: 未知, 视频编解码器: 未知, 音频编解码器: 未知
分类: 📺央视频道, 名称: CCTV-2, 有效: 2, IPv4: 6, IPv6: 0, 最小延迟: 345 ms, 最高速率: 6.11 M/s, 平均速率: 4.59 M/s, 最高分辨率: 1920x1080, 平均帧率: 25.00, 视频编解码器: h264, 音频编解码器: aac
分类: 📺央视频道, 名称: CCTV-3, 有效: 0, IPv4: 5, IPv6: 0, 最小延迟: 3001 ms, 最高速率: 0.45 M/s, 平均速率: 0.00 M/s, 最高分辨率: 1920x1080, 平均帧率: 未知, 视频编解码器: 未知, 音频编解码器: 未知
分类: 📺央视频道, 名称: CCTV-4, 有效: 1, IPv4: 4, IPv6: 0, 最小延迟: 1248 ms, 最高速率: 0.45 M/s, 平均速率: 0.45 M/s, 最高分辨率: 1280x720, 平均帧率: 60.00, 视频编解码器: h264, 音频编解码器: aac
分类: 📡卫视频道, 名称: 香港卫视, 有效: 0, IPv4: 1, IPv6: 0, 最小延迟: -1 ms, 最高速率: 0.00 M/s, 平均速率: 0.00 M/s, 最高分辨率: None, 平均帧率: 未知, 视频编解码器: 未知, 音频编解码器: 未知
分类: 📺央视频道, 名称: CETV-2, 有效: 0, IPv4: 1, IPv6: 0, 最小延迟: -1 ms, 最高速率: 0.00 M/s, 平均速率: 0.00 M/s, 最高分辨率: None, 平均帧率: 未知, 视频编解码器: 未知, 音频编解码器: 未知
分类: 📺央视频道, 名称: CCTV-5, 有效: 0, IPv4: 4, IPv6: 0, 最小延迟: 3002 ms, 最高速率: 0.05 M/s, 平均速率: 0.00 M/s, 最高分辨率: None, 平均帧率: 未知, 视频编解码器: 未知, 音频编解码器: 未知
分类: 📺央视频道, 名称: CCTV-6, 有效: 1, IPv4: 3, IPv6: 0, 最小延迟: 361 ms, 最高速率: 4.12 M/s, 平均速率: 4.12 M/s, 最高分辨率: 1280x720, 平均帧率: 未知, 视频编解码器: 未知, 音频编解码器: 未知
分类: 📺央视频道, 名称: CETV-1, 有效: 0, IPv4: 3, IPv6: 0, 最小延迟: 3002 ms, 最高速率: 0.05 M/s, 平均速率: 0.00 M/s, 最高分辨率: 1920x1080, 平均帧率: 未知, 视频编解码器: 未知, 音频编解码器: 未知
分类: 📡卫视频道, 名称: 广东卫视, 有效: 1, IPv4: 4, IPv6: 0, 最小延迟: 232 ms, 最高速率: 19.71 M/s, 平均速率: 19.71 M/s, 最高分辨率: 1920x1080, 平均帧率: 未知, 视频编解码器: 未知, 音频编解码器: 未知
分类: 📡卫视频道, 名称: 湖北卫视, 有效: 0, IPv4: 1, IPv6: 0, 最小延迟: -1 ms, 最高速率: 0.00 M/s, 平均速率: 0.00 M/s, 最高分辨率: None, 平均帧率: 未知, 视频编解码器: 未知, 音频编解码器: 未知
分类: 📡卫视频道, 名称: 北京卫视, 有效: 0, IPv4: 4, IPv6: 0, 最小延迟: 3001 ms, 最高速率: 0.01 M/s, 平均速率: 0.00 M/s, 最高分辨率: 1920x1080, 平均帧率: 未知, 视频编解码器: 未知, 音频编解码器: 未知
分类: 📡卫视频道, 名称: 湖南卫视, 有效: 0, IPv4: 2, IPv6: 0, 最小延迟: 3001 ms, 最高速率: 0.35 M/s, 平均速率: 0.00 M/s, 最高分辨率: 3840x2160, 平均帧率: 未知, 视频编解码器: 未知, 音频编解码器: 未知
分类: 📺央视频道, 名称: CCTV-5+, 有效: 1, IPv4: 9, IPv6: 0, 最小延迟: 1379 ms, 最高速率: 0.63 M/s, 平均速率: 0.63 M/s, 最高分辨率: 1920x1080, 平均帧率: 未知, 视频编解码器: 未知, 音频编解码器: 未知
分类: 📡卫视频道, 名称: 浙江卫视, 有效: 0, IPv4: 3, IPv6: 0, 最小延迟: 2299 ms, 最高速率: 0.11 M/s, 平均速率: 0.00 M/s, 最高分辨率: 1920x1080, 平均帧率: 未知, 视频编解码器: 未知, 音频编解码器: 未知
分类: 📡卫视频道, 名称: 江苏卫视, 有效: 0, IPv4: 2, IPv6: 0, 最小延迟: -1 ms, 最高速率: 0.00 M/s, 平均速率: 0.00 M/s, 最高分辨率: None, 平均帧率: 未知, 视频编解码器: 未知, 音频编解码器: 未知
分类: 📡卫视频道, 名称: 四川卫视, 有效: 1, IPv4: 2, IPv6: 0, 最小延迟: 46 ms, 最高速率: 113.41 M/s, 平均速率: 113.41 M/s, 最高分辨率: 1920x1080, 平均帧率: 未知, 视频编解码器: 未知, 音频编解码器: 未知
分类: ☘️体育频道, 名称: cctv16, 有效: 0, IPv4: 2, IPv6: 0, 最小延迟: -1 ms, 最高速率: 0.00 M/s, 平均速率: 0.00 M/s, 最高分辨率: None, 平均帧率: 未知, 视频编解码器: 未知, 音频编解码器: 未知
分类: 📡卫视频道, 名称: 深圳卫视, 有效: 1, IPv4: 2, IPv6: 0, 最小延迟: 3002 ms, 最高速率: 0.84 M/s, 平均速率: 0.84 M/s, 最高分辨率: 1920x1080, 平均帧率: 未知, 视频编解码器: 未知, 音频编解码器: 未知
分类: 📡卫视频道, 名称: 天津卫视, 有效: 0, IPv4: 1, IPv6: 0, 最小延迟: -1 ms, 最高速率: 0.00 M/s, 平均速率: 0.00 M/s, 最高分辨率: None, 平均帧率: 未知, 视频编解码器: 未知, 音频编解码器: 未知
分类: 📡卫视频道, 名称: 东方卫视, 有效: 0, IPv4: 2, IPv6: 0, 最小延迟: 1555 ms, 最高速率: 0.05 M/s, 平均速率: 0.00 M/s, 最高分辨率: 1920x1080, 平均帧率: 25.00, 视频编解码器: h264, 音频编解码器: aac
分类: ☘️体育频道, 名称: 五星体育, 有效: 0, IPv4: 3, IPv6: 0, 最小延迟: -1 ms, 最高速率: 0.00 M/s, 平均速率: 0.00 M/s, 最高分辨率: None, 平均帧率: 未知, 视频编解码器: 未知, 音频编解码器: 未知
分类: ☘️体育频道, 名称: cctv5, 有效: 0, IPv4: 1, IPv6: 0, 最小延迟: -1 ms, 最高速率: 0.00 M/s, 平均速率: 0.00 M/s, 最高分辨率: None, 平均帧率: 未知, 视频编解码器: 未知, 音频编解码器: 未知
分类: 📡卫视频道, 名称: 安徽卫视, 有效: 0, IPv4: 3, IPv6: 0, 最小延迟: 3001 ms, 最高速率: 0.11 M/s, 平均速率: 0.00 M/s, 最高分辨率: 1920x1080, 平均帧率: 未知, 视频编解码器: 未知, 音频编解码器: 未知
分类: 📡卫视频道, 名称: 河南卫视, 有效: 0, IPv4: 2, IPv6: 0, 最小延迟: 3001 ms, 最高速率: 0.52 M/s, 平均速率: 0.00 M/s, 最高分辨率: 720x576, 平均帧率: 50.00, 视频编解码器: h264, 音频编解码器: mp2
分类: ☘️体育频道, 名称: cctv4k, 有效: 0, IPv4: 2, IPv6: 0, 最小延迟: -1 ms, 最高速率: 0.00 M/s, 平均速率: 0.00 M/s, 最高分辨率: None, 平均帧率: 未知, 视频编解码器: 未知, 音频编解码器: 未知
分类: ☘️体育频道, 名称: cctv8k, 有效: 0, IPv4: 1, IPv6: 0, 最小延迟: -1 ms, 最高速率: 0.00 M/s, 平均速率: 0.00 M/s, 最高分辨率: None, 平均帧率: 未知, 视频编解码器: 未知, 音频编解码器: 未知
